
> brain-link-tracker-frontend@0.0.0 build /workspace/brain-link-tracker
> vite build

vite v6.4.1 building for production...
transforming...
✓ 2885 modules transformed.
rendering chunks...
computing gzip size...
dist/index.html                     0.76 kB │ gzip:   0.41 kB
dist/assets/index-DMzzkwJh.css     94.88 kB │ gzip:  14.97 kB
dist/assets/ui-fmswWSSH.js         17.02 kB │ gzip:   5.99 kB
dist/assets/vendor-BGzXbTtL.js    172.72 kB │ gzip:  56.89 kB
dist/assets/charts-89qvRwzP.js    382.31 kB │ gzip: 100.83 kB
dist/assets/index-C4FU5F8C.js   1,177.09 kB │ gzip: 361.70 kB

(!) Some chunks are larger than 1000 kB after minification. Consider:
- Using dynamic import() to code-split the application
- Use build.rollupOptions.output.manualChunks to improve chunking: https://rollupjs.org/configuration-options/#output-manualchunks
- Adjust chunk size limit for this warning via build.chunkSizeWarningLimit.
✓ built in 35.31s
